// Jest Snapshot v1, https://goo.gl/fbAQLP

exports[`e2e should work 1`] = `
"import styled, { css, createGlobalStyle, keyframes } from 'styled-components';
const mixins = css\`
  padding: 0 2.13333vw;
  margin: 2.13333vw 4.26667vw 2.13333vw 4.26667vw;
\`;
const Animation = keyframes\`
  from {
    transform: translateX(13.33333vw);
  }

  to {
    transform: translateX(-13.33333vw);
  }
\`;
const Input = styled.input.attrs(props => ({
  type: 'password',
  size: props.size || '1em'
}))\`
  color: palevioletred;
  font-size: 1.86667vw;
  border: 1px solid palevioletred;
  border-radius: 1.06667vw;
  margin: \${props => props.size};
  padding: \${props => props.size};
\`;
const GlobalStyle = createGlobalStyle\`
  html body {
    font-size: 2.4vw;
  }
\`;
const BlockButton = styled.button\`
  \${mixins};
  display: block;
  width: 100%;
  height: 12.8vw;
  line-height: 12.8vw;
\`;
const InlineButton = styled.button\`
  \${mixins};
  display: inline;
  width: \${props => props.width}px;
  height: 12.8vw;
  line-height: 12.8vw;
\`;
const ExtendedButton = styled(InlineButton)\`
  width: 16vw;
  height: 4.26667vw;
  line-height: 4.26667vw;
  font-size: 1.86667vw;
\`;
const SizeableButton = styled.button(props => \`
  display: inline;
  width: \${props.width}px;
  height: \${props.height}px;
  line-height: \${props.height}px;
  font-size: 2.13333vw;
\`);
const tagObj = {
  tag(strings) {
    console.log(strings.raw[0]);
  }

};
const str = \\"-->\\";
const ingoreText = tagObj.tag\`
  string text line 1 \\\\n string text line 2 \${str + '--<'}
\`;"
`;
